Microchip MPLAB XC8 Compiler V2.32

Linker command line:

-W-3 --edf=C:\Program Files\Microchip\xc8\v2.32\pic\dat\en_msgs.txt -cn \
  -h+dist/default/debug\Pulse_Counter__Class_Task_.X.debug.sym \
  --cmf=dist/default/debug\Pulse_Counter__Class_Task_.X.debug.cmf -z \
  -Q18F452 -oC:\Users\HUSNAI~1\AppData\Local\Temp\xcAsfso.4 \
  -Mdist/default/debug/Pulse_Counter__Class_Task_.X.debug.map -E1 \
  -ver=XC8 Compiler -ASTACK=080h-05FFh -pstack=STACK -ACODE=00h-03FFFhx2 \
  -ACONST=00h-07FFFh -ASMALLCONST=0600h-06FFhx122 \
  -AMEDIUMCONST=0600h-07FFFh -ACOMRAM=01h-07Fh -AABS1=00h-05FFh \
  -ABIGRAM=01h-05FFh -ARAM=080h-0FFh,0100h-01FFhx5 -ABANK0=080h-0FFh \
  -ABANK1=0100h-01FFh -ABANK2=0200h-02FFh -ABANK3=0300h-03FFh \
  -ABANK4=0400h-04FFh -ABANK5=0500h-05FFh -ASFR=0F80h-0FFFh \
  -ACONFIG=0300000h-030000Dh -AIDLOC=0200000h-0200007h \
  -AEEDATA=0F00000h-0F000FFh -peeprom_data=EEDATA \
  -preset_vec=00h,intcode,intcodelo,powerup,init -pramtop=0600h \
  -psmallconst=SMALLCONST -pmediumconst=MEDIUMCONST -pconst=CONST \
  -AFARRAM=00h-00h \
  -prdata=COMRAM,nvrram=COMRAM,nvbit=COMRAM,rbss=COMRAM,rbit=COMRAM \
  -pfarbss=FARRAM,fardata=FARRAM,nvFARRAM=FARRAM \
  -pintsave_regs=BIGRAM,bigbss=BIGRAM,bigdata=BIGRAM -pbss=RAM \
  -pidata=CODE,irdata=CODE,ibigdata=CODE,ifardata=CODE -prparam=COMRAM \
  C:\Users\HUSNAI~1\AppData\Local\Temp\xcAsfso.obj \
  dist/default/debug\Pulse_Counter__Class_Task_.X.debug.obj 

Object code version is 3.11

Machine type is 18F452



                Name                               Link     Load   Length Selector   Space Scale
C:\Users\HUSNAI~1\AppData\Local\Temp\xcAsfso.obj
                idloc                            200000   200000        8        0       5
                config                           300000   300000        E        0       4
                text                               3C62     3C62        2     1E31       0
                init                                  2        2        4        0       0
                reset_vec                             0        0        2        0       0
dist/default/debug\Pulse_Counter__Class_Task_.X.debug.obj
                idloc                            200000   200000        8        0       5
                config                           300000   300000        E        0       4
                text6                              3C7A     3C7A       36     1E3D       0
                text5                              3D5C     3D5C       5E     1EAE       0
                text4                              3DBA     3DBA       60     1EDD       0
                text3                              3CB0     3CB0       50     1E58       0
                text2                              3E1A     3E1A       C2     1F0D       0
                text1                              3EDC     3EDC      124     1F6E       0
                text0                              3D00     3D00       5C     1E80       0
                cstackCOMRAM                         15       15        C        1       1
                bssCOMRAM                             1        1       14        1       1
                cinit                              3C64     3C64       16     1E32       0

TOTAL           Name                               Link     Load   Length     Space
        CLASS   STACK          

        CLASS   CODE           
                text                               3C62     3C62        2         0
                init                                  2        2        4         0
                reset_vec                             0        0        2         0
                text6                              3C7A     3C7A       36         0
                text5                              3D5C     3D5C       5E         0
                text4                              3DBA     3DBA       60         0
                text3                              3CB0     3CB0       50         0
                text2                              3E1A     3E1A       C2         0
                text1                              3EDC     3EDC      124         0
                text0                              3D00     3D00       5C         0
                cinit                              3C64     3C64       16         0

        CLASS   CONST          

        CLASS   SMALLCONST     

        CLASS   MEDIUMCONST    

        CLASS   COMRAM         
                cstackCOMRAM                         15       15        C         1
                bssCOMRAM                             1        1       14         1

        CLASS   ABS1           

        CLASS   BIGRAM         

        CLASS   RAM            

        CLASS   BANK0          

        CLASS   BANK1          

        CLASS   BANK2          

        CLASS   BANK3          

        CLASS   BANK4          

        CLASS   BANK5          

        CLASS   SFR            

        CLASS   CONFIG         
                config                           300000   300000        E         4

        CLASS   IDLOC          
                idloc                            200000   200000        8         5

        CLASS   EEDATA         

        CLASS   FARRAM         



SEGMENTS        Name                           Load    Length   Top    Selector   Space  Class

                reset_vec                      000000  000006  000006         0       0  CODE    
                bssCOMRAM                      000001  000020  000021         1       1  COMRAM  
                text                           003C62  000002  003C64      1E31       0  CODE    
                cinit                          003C64  000016  003C7A      1E32       0  CODE    
                text6                          003C7A  000036  003CB0      1E3D       0  CODE    
                text3                          003CB0  000050  003D00      1E58       0  CODE    
                text0                          003D00  00005C  003D5C      1E80       0  CODE    
                text5                          003D5C  00005E  003DBA      1EAE       0  CODE    
                text4                          003DBA  000060  003E1A      1EDD       0  CODE    
                text2                          003E1A  0000C2  003EDC      1F0D       0  CODE    
                text1                          003EDC  000124  004000      1F6E       0  CODE    


UNUSED ADDRESS RANGES

        Name                Unused          Largest block    Delta
        BANK0            000080-0000FF               80
        BANK1            000100-0001FF              100
        BANK2            000200-0002FF              100
        BANK3            000300-0003FF              100
        BANK4            000400-0004FF              100
        BANK5            000500-0005FF              100
        BIGRAM           000021-0005FF              5DF
        CODE             000006-003C61             3C5C
                         004000-007FFF             4000
        COMRAM           000021-00007F               5F
        CONST            000006-003C61             3C5C
                         004000-007FFF             4000
        EEDATA           F00000-F000FF              100
        MEDIUMCONST      000600-003C61             3662
                         004000-007FFF             4000
        RAM              000080-0005FF              100
        SFR              000F80-000FFF               80
        SMALLCONST       000600-003C61              100
                         004000-007FFF              100
        STACK            000080-0005FF              580

                                  Symbol Table

?___lwdiv                                                                cstackCOMRAM 000015
?___lwmod                                                                cstackCOMRAM 00001C
Delay@i                                                                  cstackCOMRAM 000017
Delay@itime                                                              cstackCOMRAM 000015
Delay@j                                                                  cstackCOMRAM 000019
_Delay                                                                   text6        003C7A
_Display                                                                 text5        003D5C
_INTCONbits                                                              (abs)        000FF2
_PIR1bits                                                                (abs)        000F9E
_PORTB                                                                   (abs)        000F81
_PORTD                                                                   (abs)        000F83
_PORTDbits                                                               (abs)        000F83
_T0CON                                                                   (abs)        000FD5
_T1CON                                                                   (abs)        000FCD
_T1CONbits                                                               (abs)        000FCD
_T1_ovrflo                                                               bssCOMRAM    000011
_TMR0L                                                                   (abs)        000FD6
_TMR1H                                                                   (abs)        000FCF
_TMR1L                                                                   (abs)        000FCE
_TRISAbits                                                               (abs)        000F92
_TRISB                                                                   (abs)        000F93
_TRISD                                                                   (abs)        000F95
__HRAM                                                                   (abs)        000000
__Habs1                                                                  abs1         000000
__Hbank0                                                                 bank0        000000
__Hbank1                                                                 bank1        000000
__Hbank2                                                                 bank2        000000
__Hbank3                                                                 bank3        000000
__Hbank4                                                                 bank4        000000
__Hbank5                                                                 bank5        000000
__Hbigbss                                                                bigbss       000000
__Hbigdata                                                               bigdata      000000
__Hbigram                                                                bigram       000000
__Hbss                                                                   bss          000000
__HbssCOMRAM                                                             bssCOMRAM    000000
__Hcinit                                                                 cinit        000000
__Hclrtext                                                               clrtext      000000
__Hcomram                                                                comram       000000
__Hconfig                                                                config       30000E
__Hconst                                                                 const        000000
__HcstackCOMRAM                                                          cstackCOMRAM 000000
__Hdata                                                                  data         000000
__Heeprom_data                                                           eeprom_data  000000
__Hfarbss                                                                farbss       000000
__Hfardata                                                               fardata      000000
__Hibigdata                                                              ibigdata     000000
__Hidata                                                                 idata        000000
__Hidloc                                                                 idloc        200008
__Hifardata                                                              ifardata     000000
__Hinit                                                                  init         000006
__Hintcode                                                               intcode      000002
__Hintcode_body                                                          intcode_body 000000
__Hintcodelo                                                             intcodelo    000002
__Hintentry                                                              intentry     000000
__Hintret                                                                intret       000000
__Hintsave_regs                                                          intsave_regs 000000
__Hirdata                                                                irdata       000000
__Hmediumconst                                                           mediumconst  000000
__HnvFARRAM                                                              nvFARRAM     000000
__Hnvbit                                                                 nvbit        000000
__Hnvrram                                                                nvrram       000000
__Hparam                                                                 rparam       000000
__Hpowerup                                                               powerup      000002
__Hram                                                                   ram          000000
__Hramtop                                                                ramtop       000600
__Hrbit                                                                  rbit         000000
__Hrbss                                                                  rbss         000000
__Hrdata                                                                 rdata        000000
__Hreset_vec                                                             reset_vec    000002
__Hrparam                                                                rparam       000000
__Hsfr                                                                   sfr          000000
__Hsmallconst                                                            smallconst   000000
__Hspace_0                                                               (abs)        004000
__Hspace_1                                                               (abs)        000021
__Hspace_2                                                               (abs)        000000
__Hspace_4                                                               (abs)        60000E
__Hstack                                                                 stack        000000
__Hstruct                                                                struct       000000
__Htemp                                                                  temp         000000
__Htext                                                                  text         000000
__Htext0                                                                 text0        000000
__Htext1                                                                 text1        000000
__Htext2                                                                 text2        000000
__Htext3                                                                 text3        000000
__Htext4                                                                 text4        000000
__Htext5                                                                 text5        000000
__Htext6                                                                 text6        000000
__LRAM                                                                   (abs)        000001
__Labs1                                                                  abs1         000000
__Lbank0                                                                 bank0        000000
__Lbank1                                                                 bank1        000000
__Lbank2                                                                 bank2        000000
__Lbank3                                                                 bank3        000000
__Lbank4                                                                 bank4        000000
__Lbank5                                                                 bank5        000000
__Lbigbss                                                                bigbss       000000
__Lbigdata                                                               bigdata      000000
__Lbigram                                                                bigram       000000
__Lbss                                                                   bss          000000
__LbssCOMRAM                                                             bssCOMRAM    000000
__Lcinit                                                                 cinit        000000
__Lclrtext                                                               clrtext      000000
__Lcomram                                                                comram       000000
__Lconfig                                                                config       000000
__Lconst                                                                 const        000000
__LcstackCOMRAM                                                          cstackCOMRAM 000000
__Ldata                                                                  data         000000
__Leeprom_data                                                           eeprom_data  000000
__Lfarbss                                                                farbss       000000
__Lfardata                                                               fardata      000000
__Libigdata                                                              ibigdata     000000
__Lidata                                                                 idata        000000
__Lidloc                                                                 idloc        000000
__Lifardata                                                              ifardata     000000
__Linit                                                                  init         000002
__Lintcode                                                               intcode      000002
__Lintcode_body                                                          intcode_body 000000
__Lintcodelo                                                             intcodelo    000002
__Lintentry                                                              intentry     000000
__Lintret                                                                intret       000000
__Lintsave_regs                                                          intsave_regs 000000
__Lirdata                                                                irdata       000000
__Lmediumconst                                                           mediumconst  000000
__LnvFARRAM                                                              nvFARRAM     000000
__Lnvbit                                                                 nvbit        000000
__Lnvrram                                                                nvrram       000000
__Lparam                                                                 rparam       000000
__Lpowerup                                                               powerup      000002
__Lram                                                                   ram          000000
__Lramtop                                                                ramtop       000600
__Lrbit                                                                  rbit         000000
__Lrbss                                                                  rbss         000000
__Lrdata                                                                 rdata        000000
__Lreset_vec                                                             reset_vec    000000
__Lrparam                                                                rparam       000000
__Lsfr                                                                   sfr          000000
__Lsmallconst                                                            smallconst   000000
__Lspace_0                                                               (abs)        000000
__Lspace_1                                                               (abs)        000000
__Lspace_2                                                               (abs)        000000
__Lspace_4                                                               (abs)        000000
__Lstack                                                                 stack        000000
__Lstruct                                                                struct       000000
__Ltemp                                                                  temp         000000
__Ltext                                                                  text         000000
__Ltext0                                                                 text0        000000
__Ltext1                                                                 text1        000000
__Ltext2                                                                 text2        000000
__Ltext3                                                                 text3        000000
__Ltext4                                                                 text4        000000
__Ltext5                                                                 text5        000000
__Ltext6                                                                 text6        000000
__S0                                                                     (abs)        004000
__S1                                                                     (abs)        000021
__S2                                                                     (abs)        000000
__S4                                                                     (abs)        000000
__S5                                                                     (abs)        000000
___inthi_sp                                                              stack        000000
___intlo_sp                                                              stack        000000
___lwdiv                                                                 text4        003DBA
___lwdiv@counter                                                         cstackCOMRAM 00001B
___lwdiv@dividend                                                        cstackCOMRAM 000015
___lwdiv@divisor                                                         cstackCOMRAM 000017
___lwdiv@quotient                                                        cstackCOMRAM 000019
___lwmod                                                                 text3        003CB0
___lwmod@counter                                                         cstackCOMRAM 000020
___lwmod@dividend                                                        cstackCOMRAM 00001C
___lwmod@divisor                                                         cstackCOMRAM 00001E
___param_bank                                                            (abs)        000000
___rparam_used                                                           (abs)        000001
___sp                                                                    stack        000000
__accesstop                                                              (abs)        000080
__activetblptr                                                           (abs)        000002
__cntErrataNOP_C:\Users\HUSNAI~1\AppData\Local\Temp\xcAsfso.obj          (abs)        000001
__cntErrataNOP_dist/default/debug\Pulse_Counter__Class_Task_.X.debug.obj (abs)        00001A
__end_of_Delay                                                           text6        003CAE
__end_of_Display                                                         text5        003DBA
__end_of___lwdiv                                                         text4        003E1A
__end_of___lwmod                                                         text3        003D00
__end_of__initialization                                                 cinit        003C70
__end_of_cnvrsion2dec                                                    text1        004000
__end_of_cnvrsion2svn                                                    text2        003EDC
__end_of_main                                                            text0        003D5C
__initialization                                                         cinit        003C64
__mediumconst                                                            mediumconst  000000
__pbssCOMRAM                                                             bssCOMRAM    000001
__pcinit                                                                 cinit        003C64
__pcstackCOMRAM                                                          cstackCOMRAM 000015
__ptext0                                                                 text0        003D00
__ptext1                                                                 text1        003EDC
__ptext2                                                                 text2        003E1A
__ptext3                                                                 text3        003CB0
__ptext4                                                                 text4        003DBA
__ptext5                                                                 text5        003D5C
__ptext6                                                                 text6        003C7A
__ramtop                                                                 ramtop       000600
__size_of_Delay                                                          (abs)        000000
__size_of_Display                                                        (abs)        000000
__size_of___lwdiv                                                        (abs)        000000
__size_of___lwmod                                                        (abs)        000000
__size_of_cnvrsion2dec                                                   (abs)        000000
__size_of_cnvrsion2svn                                                   (abs)        000000
__size_of_main                                                           (abs)        000000
__smallconst                                                             smallconst   000000
_cnvrsion2dec                                                            text1        003EDC
_cnvrsion2svn                                                            text2        003E1A
_d0                                                                      bssCOMRAM    000009
_d1                                                                      bssCOMRAM    000007
_d2                                                                      bssCOMRAM    000005
_d3                                                                      bssCOMRAM    000003
_main                                                                    text0        003D00
_temp                                                                    bssCOMRAM    000001
_time_H                                                                  bssCOMRAM    000014
_time_L                                                                  bssCOMRAM    000013
_total_time                                                              bssCOMRAM    00000F
_upr_three_dig                                                           bssCOMRAM    00000D
_x                                                                       bssCOMRAM    00000B
cnvrsion2svn@T                                                           cstackCOMRAM 000015
end_of_initialization                                                    cinit        003C70
intlevel0                                                                text         003C62
intlevel1                                                                text         003C62
intlevel2                                                                text         003C62
intlevel3                                                                text         003C62
isa$std                                                                  (abs)        000001
isa$xinst                                                                (abs)        000000
stackhi                                                                  (abs)        0005FF
stacklo                                                                  (abs)        000080
start                                                                    init         000002
start_initialization                                                     cinit        003C64


MODULE INFORMATION

Module		Function		Class		Link	Load	Size
C:\Program Files\Microchip\xc8\v2.32\pic\sources\c90\common\lwmod.c
		___lwmod       		CODE           	3CB0	0000	80

C:\Program Files\Microchip\xc8\v2.32\pic\sources\c90\common\lwmod.c estimated size: 80

shared
		__initialization		CODE           	3C64	0000	12

shared estimated size: 12

Pulse_Counter.c
		_main          		CODE           	3D00	0000	92
		_cnvrsion2dec  		CODE           	3EDC	0000	292
		_cnvrsion2svn  		CODE           	3E1A	0000	194
		_Delay         		CODE           	3C7A	0000	52
		_Display       		CODE           	3D5C	0000	94

Pulse_Counter.c estimated size: 724

C:\Program Files\Microchip\xc8\v2.32\pic\sources\c90\common\lwdiv.c
		___lwdiv       		CODE           	3DBA	0000	96

C:\Program Files\Microchip\xc8\v2.32\pic\sources\c90\common\lwdiv.c estimated size: 96

