Microchip MPLAB XC8 Compiler V2.32

Linker command line:

-W-3 --edf=C:\Program Files\Microchip\xc8\v2.32\pic\dat\en_msgs.txt -cn \
  -h+dist/default/production\testing.X.production.sym \
  --cmf=dist/default/production\testing.X.production.cmf -z -Q18F452 \
  -oC:\Users\HUSNAI~1\AppData\Local\Temp\xcAs4jc.4 \
  -Mdist/default/production/testing.X.production.map -E1 -ver=XC8 Compiler \
  -ASTACK=080h-05FFh -pstack=STACK -ACODE=00h-03FFFhx2 -ACONST=00h-07FFFh \
  -ASMALLCONST=0600h-06FFhx122 -AMEDIUMCONST=0600h-07FFFh -ACOMRAM=01h-07Fh \
  -AABS1=00h-05FFh -ABIGRAM=01h-05FFh -ARAM=080h-0FFh,0100h-01FFhx5 \
  -ABANK0=080h-0FFh -ABANK1=0100h-01FFh -ABANK2=0200h-02FFh \
  -ABANK3=0300h-03FFh -ABANK4=0400h-04FFh -ABANK5=0500h-05FFh \
  -ASFR=0F80h-0FFFh -ACONFIG=0300000h-030000Dh -AIDLOC=0200000h-0200007h \
  -AEEDATA=0F00000h-0F000FFh -peeprom_data=EEDATA \
  -preset_vec=00h,intcode=08h,intcodelo,powerup,init -pramtop=0600h \
  -psmallconst=SMALLCONST -pmediumconst=MEDIUMCONST -pconst=CONST \
  -AFARRAM=00h-00h \
  -prdata=COMRAM,nvrram=COMRAM,nvbit=COMRAM,rbss=COMRAM,rbit=COMRAM \
  -pfarbss=FARRAM,fardata=FARRAM,nvFARRAM=FARRAM \
  -pintsave_regs=BIGRAM,bigbss=BIGRAM,bigdata=BIGRAM -pbss=RAM \
  -pidata=CODE,irdata=CODE,ibigdata=CODE,ifardata=CODE -prparam=COMRAM \
  C:\Users\HUSNAI~1\AppData\Local\Temp\xcAs4jc.obj \
  dist/default/production\testing.X.production.obj 

Object code version is 3.11

Machine type is 18F452



                Name                               Link     Load   Length Selector   Space Scale
C:\Users\HUSNAI~1\AppData\Local\Temp\xcAs4jc.obj
                idloc                            200000   200000        8        0       5
                config                           300000   300000        E        0       4
                text                                4A2      4A2        2        4       0
                init                                 1E       1E        4        4       0
                reset_vec                             0        0        6        0       0
dist/default/production\testing.X.production.obj
                intcode                               8        8       16        4       0
                idloc                            200000   200000        8        0       5
                config                           300000   300000        E        0       4
                temp                                 3E       3E        1        1       1
                text10                              456      456       1C        4       0
                text9                               48C      48C       16        4       0
                text7                               148      148       C8        4       0
                text6                               434      434       22        4       0
                text5                               39E      39E       66        4       0
                text4                               404      404       30        4       0
                text3                               210      210       90        4       0
                text2                               32A      32A       74        4       0
                text1                               2A0      2A0       8A        4       0
                text0                                22       22      126        4       0
                cstackCOMRAM                          1        1       1D        1       1
                bssCOMRAM                            1E       1E       18        1       1
                cinit                               472      472       1A        4       0
                nvCOMRAM                             36       36        8        1       1

TOTAL           Name                               Link     Load   Length     Space
        CLASS   STACK          

        CLASS   CODE           
                intcode                               8        8       16         0
                text                                4A2      4A2        2         0
                init                                 1E       1E        4         0
                reset_vec                             0        0        6         0
                text10                              456      456       1C         0
                text9                               48C      48C       16         0
                text7                               148      148       C8         0
                text6                               434      434       22         0
                text5                               39E      39E       66         0
                text4                               404      404       30         0
                text3                               210      210       90         0
                text2                               32A      32A       74         0
                text1                               2A0      2A0       8A         0
                text0                                22       22      126         0
                cinit                               472      472       1A         0

        CLASS   CONST          

        CLASS   SMALLCONST     

        CLASS   MEDIUMCONST    

        CLASS   COMRAM         
                temp                                 3E       3E        1         1
                cstackCOMRAM                          1        1       1D         1
                bssCOMRAM                            1E       1E       18         1
                nvCOMRAM                             36       36        8         1

        CLASS   ABS1           

        CLASS   BIGRAM         

        CLASS   RAM            

        CLASS   BANK0          

        CLASS   BANK1          

        CLASS   BANK2          

        CLASS   BANK3          

        CLASS   BANK4          

        CLASS   BANK5          

        CLASS   SFR            

        CLASS   CONFIG         
                config                           300000   300000        E         4

        CLASS   IDLOC          
                idloc                            200000   200000        8         5

        CLASS   EEDATA         

        CLASS   FARRAM         



SEGMENTS        Name                           Load    Length   Top    Selector   Space  Class

                reset_vec                      000000  000006  000006         0       0  CODE    
                cstackCOMRAM                   000001  00003E  00003F         1       1  COMRAM  
                intcode                        000008  00049C  0004A4         4       0  CODE    


UNUSED ADDRESS RANGES

        Name                Unused          Largest block    Delta
        BANK0            000080-0000FF               80
        BANK1            000100-0001FF              100
        BANK2            000200-0002FF              100
        BANK3            000300-0003FF              100
        BANK4            000400-0004FF              100
        BANK5            000500-0005FF              100
        BIGRAM           00003F-0005FF              5C1
        CODE             000006-000007                2
                         0004A4-007FFF             3B5C
        COMRAM           00003F-00007F               41
        CONST            000006-000007                2
                         0004A4-007FFF             7B5C
        EEDATA           F00000-F000FF              100
        MEDIUMCONST      000600-007FFF             7A00
        RAM              000080-0005FF              100
        SFR              000F80-000FFF               80
        SMALLCONST       000600-007FFF              100
        STACK            000080-0005FF              580

                                  Symbol Table

?___lldiv                                                       cstackCOMRAM 000001
?___llmod                                                       cstackCOMRAM 000001
?_dig2hex                                                       cstackCOMRAM 000001
_INTCONbits                                                     (abs)        000FF2
_PIE1bits                                                       (abs)        000F9D
_PIR1bits                                                       (abs)        000F9E
_PORTB                                                          (abs)        000F81
_PORTD                                                          (abs)        000F83
_PORTDbits                                                      (abs)        000F83
_T0CON                                                          (abs)        000FD5
_T0CONbits                                                      (abs)        000FD5
_T0_isr                                                         text10       000456
_T1CON                                                          (abs)        000FCD
_T1CONbits                                                      (abs)        000FCD
_T1_isr                                                         text9        00048C
_TMR0H                                                          (abs)        000FD7
_TMR0L                                                          (abs)        000FD6
_TMR1H                                                          (abs)        000FCF
_TMR1L                                                          (abs)        000FCE
_TRISAbits                                                      (abs)        000F92
_TRISB                                                          (abs)        000F93
_TRISD                                                          (abs)        000F95
__HRAM                                                          (abs)        000000
__Habs1                                                         abs1         000000
__Hbank0                                                        bank0        000000
__Hbank1                                                        bank1        000000
__Hbank2                                                        bank2        000000
__Hbank3                                                        bank3        000000
__Hbank4                                                        bank4        000000
__Hbank5                                                        bank5        000000
__Hbigbss                                                       bigbss       000000
__Hbigdata                                                      bigdata      000000
__Hbigram                                                       bigram       000000
__Hbss                                                          bss          000000
__HbssCOMRAM                                                    bssCOMRAM    000000
__Hcinit                                                        cinit        000000
__Hclrtext                                                      clrtext      000000
__Hcomram                                                       comram       000000
__Hconfig                                                       config       30000E
__Hconst                                                        const        000000
__HcstackCOMRAM                                                 cstackCOMRAM 000000
__Hdata                                                         data         000000
__Heeprom_data                                                  eeprom_data  000000
__Hfarbss                                                       farbss       000000
__Hfardata                                                      fardata      000000
__Hibigdata                                                     ibigdata     000000
__Hidata                                                        idata        000000
__Hidloc                                                        idloc        200008
__Hifardata                                                     ifardata     000000
__Hinit                                                         init         000022
__Hintcode                                                      intcode      00001E
__Hintcode_body                                                 intcode_body 000000
__Hintcodelo                                                    intcodelo    00001E
__Hintentry                                                     intentry     000000
__Hintret                                                       intret       000000
__Hintsave_regs                                                 intsave_regs 000000
__Hirdata                                                       irdata       000000
__Hmediumconst                                                  mediumconst  000000
__HnvCOMRAM                                                     nvCOMRAM     000000
__HnvFARRAM                                                     nvFARRAM     000000
__Hnvbit                                                        nvbit        000000
__Hnvrram                                                       nvrram       000000
__Hparam                                                        rparam       000000
__Hpowerup                                                      powerup      00001E
__Hram                                                          ram          000000
__Hramtop                                                       ramtop       000600
__Hrbit                                                         rbit         000000
__Hrbss                                                         rbss         000000
__Hrdata                                                        rdata        000000
__Hreset_vec                                                    reset_vec    000006
__Hrparam                                                       rparam       000000
__Hsfr                                                          sfr          000000
__Hsmallconst                                                   smallconst   000000
__Hspace_0                                                      (abs)        000600
__Hspace_1                                                      (abs)        00003F
__Hspace_2                                                      (abs)        000000
__Hspace_4                                                      (abs)        60000E
__Hstack                                                        stack        000000
__Hstruct                                                       struct       000000
__Htemp                                                         temp         00003F
__Htext                                                         text         000000
__Htext0                                                        text0        000000
__Htext1                                                        text1        000000
__Htext10                                                       text10       000000
__Htext2                                                        text2        000000
__Htext3                                                        text3        000000
__Htext4                                                        text4        000000
__Htext5                                                        text5        000000
__Htext6                                                        text6        000000
__Htext7                                                        text7        000000
__Htext9                                                        text9        000000
__LRAM                                                          (abs)        000001
__Labs1                                                         abs1         000000
__Lbank0                                                        bank0        000000
__Lbank1                                                        bank1        000000
__Lbank2                                                        bank2        000000
__Lbank3                                                        bank3        000000
__Lbank4                                                        bank4        000000
__Lbank5                                                        bank5        000000
__Lbigbss                                                       bigbss       000000
__Lbigdata                                                      bigdata      000000
__Lbigram                                                       bigram       000000
__Lbss                                                          bss          000000
__LbssCOMRAM                                                    bssCOMRAM    000000
__Lcinit                                                        cinit        000000
__Lclrtext                                                      clrtext      000000
__Lcomram                                                       comram       000000
__Lconfig                                                       config       000000
__Lconst                                                        const        000000
__LcstackCOMRAM                                                 cstackCOMRAM 000000
__Ldata                                                         data         000000
__Leeprom_data                                                  eeprom_data  000000
__Lfarbss                                                       farbss       000000
__Lfardata                                                      fardata      000000
__Libigdata                                                     ibigdata     000000
__Lidata                                                        idata        000000
__Lidloc                                                        idloc        000000
__Lifardata                                                     ifardata     000000
__Linit                                                         init         00001E
__Lintcode                                                      intcode      000008
__Lintcode_body                                                 intcode_body 000000
__Lintcodelo                                                    intcodelo    00001E
__Lintentry                                                     intentry     000000
__Lintret                                                       intret       000000
__Lintsave_regs                                                 intsave_regs 000000
__Lirdata                                                       irdata       000000
__Lmediumconst                                                  mediumconst  000000
__LnvCOMRAM                                                     nvCOMRAM     000000
__LnvFARRAM                                                     nvFARRAM     000000
__Lnvbit                                                        nvbit        000000
__Lnvrram                                                       nvrram       000000
__Lparam                                                        rparam       000000
__Lpowerup                                                      powerup      00001E
__Lram                                                          ram          000000
__Lramtop                                                       ramtop       000600
__Lrbit                                                         rbit         000000
__Lrbss                                                         rbss         000000
__Lrdata                                                        rdata        000000
__Lreset_vec                                                    reset_vec    000000
__Lrparam                                                       rparam       000000
__Lsfr                                                          sfr          000000
__Lsmallconst                                                   smallconst   000000
__Lspace_0                                                      (abs)        000000
__Lspace_1                                                      (abs)        000000
__Lspace_2                                                      (abs)        000000
__Lspace_4                                                      (abs)        000000
__Lstack                                                        stack        000000
__Lstruct                                                       struct       000000
__Ltemp                                                         temp         00003E
__Ltext                                                         text         000000
__Ltext0                                                        text0        000000
__Ltext1                                                        text1        000000
__Ltext10                                                       text10       000000
__Ltext2                                                        text2        000000
__Ltext3                                                        text3        000000
__Ltext4                                                        text4        000000
__Ltext5                                                        text5        000000
__Ltext6                                                        text6        000000
__Ltext7                                                        text7        000000
__Ltext9                                                        text9        000000
__S0                                                            (abs)        0004A4
__S1                                                            (abs)        00003F
__S2                                                            (abs)        000000
__S4                                                            (abs)        000000
__S5                                                            (abs)        000000
___inthi_sp                                                     stack        000000
___intlo_sp                                                     stack        000000
___lldiv                                                        text3        000210
___lldiv@counter                                                cstackCOMRAM 00000D
___lldiv@dividend                                               cstackCOMRAM 000001
___lldiv@divisor                                                cstackCOMRAM 000005
___lldiv@quotient                                               cstackCOMRAM 000009
___llmod                                                        text2        00032A
___llmod@counter                                                cstackCOMRAM 000009
___llmod@dividend                                               cstackCOMRAM 000001
___llmod@divisor                                                cstackCOMRAM 000005
___param_bank                                                   (abs)        000000
___rparam_used                                                  (abs)        000001
___sp                                                           stack        000000
__accesstop                                                     (abs)        000080
__activetblptr                                                  (abs)        000002
__cntErrataNOP_C:\Users\HUSNAI~1\AppData\Local\Temp\xcAs4jc.obj (abs)        000001
__cntErrataNOP_dist/default/production\testing.X.production.obj (abs)        000022
__end_of_T0_isr                                                 text10       000470
__end_of_T1_isr                                                 text9        0004A2
__end_of___lldiv                                                text3        0002A0
__end_of___llmod                                                text2        00039E
__end_of__initialization                                        cinit        00047E
__end_of_chk_int                                                intcode      00001E
__end_of_dig2hex                                                text7        000210
__end_of_display                                                text5        000404
__end_of_main                                                   text0        000148
__end_of_my_Delay                                               text4        000434
__end_of_num2dig                                                text1        00032A
__end_of_seg_Delay                                              text6        000456
__initialization                                                cinit        000472
__mediumconst                                                   mediumconst  000000
__pbssCOMRAM                                                    bssCOMRAM    00001E
__pcinit                                                        cinit        000472
__pcstackCOMRAM                                                 cstackCOMRAM 000001
__pintcode                                                      intcode      000008
__pnvCOMRAM                                                     nvCOMRAM     000036
__ptext0                                                        text0        000022
__ptext1                                                        text1        0002A0
__ptext10                                                       text10       000456
__ptext2                                                        text2        00032A
__ptext3                                                        text3        000210
__ptext4                                                        text4        000404
__ptext5                                                        text5        00039E
__ptext6                                                        text6        000434
__ptext7                                                        text7        000148
__ptext9                                                        text9        00048C
__ramtop                                                        ramtop       000600
__size_of_T0_isr                                                (abs)        000000
__size_of_T1_isr                                                (abs)        000000
__size_of___lldiv                                               (abs)        000000
__size_of___llmod                                               (abs)        000000
__size_of_chk_int                                               (abs)        000000
__size_of_dig2hex                                               (abs)        000000
__size_of_display                                               (abs)        000000
__size_of_main                                                  (abs)        000000
__size_of_my_Delay                                              (abs)        000000
__size_of_num2dig                                               (abs)        000000
__size_of_seg_Delay                                             (abs)        000000
__smallconst                                                    smallconst   000000
_chk_int                                                        intcode      000008
_code                                                           bssCOMRAM    00002E
_dig                                                            bssCOMRAM    00001E
_dig2hex                                                        text7        000148
_display                                                        text5        00039E
_freq                                                           nvCOMRAM     000036
_main                                                           text0        000022
_my_Delay                                                       text4        000404
_num2dig                                                        text1        0002A0
_ovrCount                                                       nvCOMRAM     00003C
_seg_Delay                                                      text6        000434
_timerCount                                                     nvCOMRAM     00003A
btemp                                                           temp         00003E
dig2hex@targetDig                                               cstackCOMRAM 000001
end_of_initialization                                           cinit        00047E
int$flags                                                       temp         00003E
intlevel0                                                       text         0004A2
intlevel1                                                       text         0004A2
intlevel2                                                       text         0004A2
intlevel3                                                       text         0004A2
isa$std                                                         (abs)        000001
isa$xinst                                                       (abs)        000000
main@H_Byte                                                     cstackCOMRAM 000019
main@L_Byte                                                     cstackCOMRAM 000016
main@i                                                          cstackCOMRAM 00001C
my_Delay@i                                                      cstackCOMRAM 000001
my_Delay@j                                                      cstackCOMRAM 000002
my_Delay@k                                                      cstackCOMRAM 000003
num2dig@i                                                       cstackCOMRAM 00000E
seg_Delay@time_1                                                cstackCOMRAM 000001
seg_Delay@time_2                                                cstackCOMRAM 000002
stackhi                                                         (abs)        0005FF
stacklo                                                         (abs)        000080
start                                                           init         00001E
start_initialization                                            cinit        000472
ttemp5                                                          temp         00003F
ttemp6                                                          temp         000042
ttemp7                                                          temp         000046
wtemp8                                                          temp         00003F


MODULE INFORMATION

Module		Function		Class		Link	Load	Size
C:\Program Files\Microchip\xc8\v2.32\pic\sources\c90\common\llmod.c
		___llmod       		CODE           	032A	0000	116

C:\Program Files\Microchip\xc8\v2.32\pic\sources\c90\common\llmod.c estimated size: 116

shared
		__initialization		CODE           	0472	0000	12

shared estimated size: 12

main.c
		_my_Delay      		CODE           	0404	0000	48
		_T0_isr        		CODE           	0456	0000	26
		_T1_isr        		CODE           	048C	0000	22
		_display       		CODE           	039E	0000	102
		_main          		CODE           	0022	0000	294
		_dig2hex       		CODE           	0148	0000	200
		_seg_Delay     		CODE           	0434	0000	34
		_chk_int       		CODE           	0008	0000	22
		_num2dig       		CODE           	02A0	0000	138

main.c estimated size: 886

C:\Program Files\Microchip\xc8\v2.32\pic\sources\c90\common\__lldiv.c
		___lldiv       		CODE           	0210	0000	144

C:\Program Files\Microchip\xc8\v2.32\pic\sources\c90\common\__lldiv.c estimated size: 144

